// Jest Snapshot v1, https://goo.gl/fbAQLP

exports[`Label should render correctly according to props 1`] = `"<label font-weight=\\"normal\\" class=\\"sc-bdVaJa gYYtiD\\">sample text</label>"`;
