// Jest Snapshot v1, https://goo.gl/fbAQLP

exports[`Header should render correctly 1`] = `
"<header class=\\"sc-bdVaJa dwFShh\\">
  <h1 class=\\"sc-bwzfXH gZwPLo\\">React Issues</h1>
</header>"
`;
