// Jest Snapshot v1, https://goo.gl/fbAQLP

exports[`Comments should render correctly according to props 1`] = `"<a href=\\"https://github.com/facebook/react/issues/14953\\" class=\\"sc-htpNat eUpkSw\\"><svg class=\\"sc-bdVaJa bDWFJH\\">bubble.svg</svg><span>4</span></a>"`;
